// Jest Snapshot v1, https://goo.gl/fbAQLP

exports[`Commit renders with data 1`] = `
<p>
  <strong>
    Last commit date: 
  </strong>
  commit date
  <i>
     
    message
  </i>
</p>
`;
