exports[`Respository template repository name when no other data 1`] = `
<div>
  <h2>
    <a
      href="https://github.com/user/name">
      name
    </a>
  </h2>
  <Commit />
  <Release
    releases={undefined} />
  <Milestones
    milestones={undefined} />
</div>
`;
